// Jest Snapshot v1, https://goo.gl/fbAQLP

exports[`LoanSlider SNAPSHOT: should render expected content 1`] = `
<div
  className="slider-container"
>
  <p
    className="MuiTypography-root MuiTypography-body1 MuiTypography-gutterBottom"
    id="discrete-slider-small-steps"
  />
  <div
    className="MuiFormControl-root MuiTextField-root"
  >
    <div
      className="MuiInputBase-root MuiOutlinedInput-root MuiInputBase-formControl"
      onClick={[Function]}
    >
      <input
        aria-invalid={false}
        autoFocus={false}
        className="MuiInputBase-input MuiOutlinedInput-input"
        disabled={false}
        id="outlined-basic"
        onAnimationStart={[Function]}
        onBlur={[Function]}
        onChange={[Function]}
        onFocus={[Function]}
        required={false}
        type="text"
      />
      <fieldset
        aria-hidden={true}
        className="PrivateNotchedOutline-root-1 MuiOutlinedInput-notchedOutline"
        style={
          Object {
            "paddingLeft": 8,
          }
        }
      >
        <legend
          className="PrivateNotchedOutline-legend-2"
          style={
            Object {
              "width": 0.01,
            }
          }
        >
          <span
            dangerouslySetInnerHTML={
              Object {
                "__html": "&#8203;",
              }
            }
          />
        </legend>
      </fieldset>
    </div>
  </div>
  <div
    className="loan-slider"
  >
    <span
      className="MuiSlider-root MuiSlider-colorPrimary"
      onMouseDown={[Function]}
    >
      <span
        className="MuiSlider-rail"
      />
      <span
        className="MuiSlider-track"
        style={
          Object {
            "left": "0%",
            "width": "0%",
          }
        }
      />
      <input
        type="hidden"
        value="0"
      />
      <span
        aria-labelledby="discrete-slider-small-steps"
        aria-orientation="horizontal"
        aria-valuemax={100}
        aria-valuemin={0}
        aria-valuenow={0}
        className="MuiSlider-thumb MuiSlider-thumbColorPrimary PrivateValueLabel-thumb-5"
        data-index={0}
        onBlur={[Function]}
        onFocus={[Function]}
        onKeyDown={[Function]}
        onMouseLeave={[Function]}
        onMouseOver={[Function]}
        role="slider"
        style={
          Object {
            "left": "0%",
          }
        }
        tabIndex={0}
      >
        <span
          className="PrivateValueLabel-offset-7 MuiSlider-valueLabel"
        >
          <span
            className="PrivateValueLabel-circle-8"
          >
            <span
              className="PrivateValueLabel-label-9"
            >
              0
            </span>
          </span>
        </span>
      </span>
    </span>
  </div>
</div>
`;
